// Jest Snapshot v1, https://goo.gl/fbAQLP

exports[`Email Item should render component correctly 1`] = `ShallowWrapper {}`;

exports[`Email Item should render component correctly for normal state 1`] = `ShallowWrapper {}`;

exports[`Email Item should render component correctly for selected state 1`] = `ShallowWrapper {}`;
